2026.08.21 21:30:52 INFO  Started: Metals version 1.6.8 in folders 'C:\Users\ijahm\OneDrive\Documents\Code\Virtual_Experience\hewlet_packard_all\springBoot_take2' for client Visual Studio Code 1.134.0.
2026.08.21 21:30:52 INFO  Memory monitor started
2026.08.21 21:30:54 WARN  Using H2 2.4.240 which is newer than the version Flyway has been verified with. The latest verified version of H2 is 2.3.232.
2026.08.21 21:30:54 INFO  no build target found for C:\Users\ijahm\OneDrive\Documents\Code\Virtual_Experience\hewlet_packard_all\springBoot_take2\rest-service\src\main\java\com\example\restservice\Greeting.java. Using fallback presentation compiler.
2026.08.21 21:30:55 INFO  no build target found for C:\Users\ijahm\OneDrive\Documents\Code\Virtual_Experience\hewlet_packard_all\springBoot_take2\rest-service\src\main\java\com\example\restservice\Greeting.java. Using fallback presentation compiler.
2026.08.21 21:30:58 INFO  no build target found for C:\Users\ijahm\OneDrive\Documents\Code\Virtual_Experience\hewlet_packard_all\springBoot_take2\rest-service\src\main\java\com\example\restservice\Greeting.java. Using fallback presentation compiler.
Aug 21, 2026 9:30:59 PM org.eclipse.lsp4j.jsonrpc.RemoteEndpoint handleCancellation
WARNING: Unmatched cancel notification for request id 8
2026.08.21 21:30:58 INFO  no build target found for C:\Users\ijahm\OneDrive\Documents\Code\Virtual_Experience\hewlet_packard_all\springBoot_take2\rest-service\src\main\java\com\example\restservice\Greeting.java. Using fallback presentation compiler.
2026.08.21 21:30:58 INFO  no build target found for C:\Users\ijahm\OneDrive\Documents\Code\Virtual_Experience\hewlet_packard_all\springBoot_take2\rest-service\src\main\java\com\example\restservice\Greeting.java. Using fallback presentation compiler.
2026.08.21 21:30:59 INFO  running 'C:\Users\ijahm\OneDrive\Documents\Code\Virtual_Experience\hewlet_packard_all\springBoot_take2\rest-service\gradlew.bat --stacktrace --console=plain --init-script C:\Users\ijahm\AppData\Local\Temp\metals10971329326912333157\init-script.gradle bloopInstall'
2026.08.21 21:31:00 INFO  no build target found for C:\Users\ijahm\OneDrive\Documents\Code\Virtual_Experience\hewlet_packard_all\springBoot_take2\rest-service\src\main\java\com\example\restservice\Greeting.java. Using fallback presentation compiler.
2026.08.21 21:31:01 INFO  no build target found for C:\Users\ijahm\OneDrive\Documents\Code\Virtual_Experience\hewlet_packard_all\springBoot_take2\rest-service\src\main\java\com\example\restservice\Greeting.java. Using fallback presentation compiler.
2026.08.21 21:31:05 INFO  > Task :configureBloopInstall
2026.08.21 21:31:05 INFO  > Task :bloopInstall
2026.08.21 21:31:05 INFO  
2026.08.21 21:31:05 INFO  [Incubating] Problems report is available at: file:///C:/Users/ijahm/OneDrive/Documents/Code/Virtual_Experience/hewlet_packard_all/springBoot_take2/rest-service/build/reports/problems/problems-report.html
2026.08.21 21:31:05 INFO  
2026.08.21 21:31:05 INFO  Deprecated Gradle features were used in this build, making it incompatible with Gradle 10.
2026.08.21 21:31:05 INFO  
2026.08.21 21:31:05 INFO  You can use '--warning-mode all' to show the individual deprecation warnings and determine if they come from your own scripts or plugins.
2026.08.21 21:31:05 INFO  
2026.08.21 21:31:05 INFO  For more on this, please refer to https://docs.gradle.org/9.5.1/userguide/command_line_interface.html#sec:command_line_warnings in the Gradle documentation.
2026.08.21 21:31:05 INFO  
2026.08.21 21:31:05 INFO  BUILD SUCCESSFUL in 5s
2026.08.21 21:31:05 INFO  2 actionable tasks: 2 executed
2026.08.21 21:31:05 INFO  Consider enabling configuration cache to speed up this build: https://docs.gradle.org/9.5.1/userguide/configuration_cache_enabling.html
2026.08.21 21:31:06 INFO  time: ran 'gradle bloopInstall' in 6.22s
2026.08.21 21:31:06 INFO  Attempting to connect to the build server...
2026.08.21 21:31:06 INFO  Found a Bloop server running
2026.08.21 21:31:06 INFO  Tracing is disabled for protocol BSP. To enable tracing of incoming and outgoing JSON messages, create an empty file at C:\Users\ijahm\OneDrive\Documents\Code\Virtual_Experience\hewlet_packard_all\springBoot_take2\.metals\bsp.trace.json or C:\Users\ijahm\AppData\Local\scalameta\metals\cache\bsp.trace.json
2026.08.21 21:31:06 INFO  time: Connected to build server in 0.58s
2026.08.21 21:31:06 INFO  Connected to Build server: Bloop v2.1.1
2026.08.21 21:31:06 INFO  time: Imported build in 0.31s
2026.08.21 21:31:09 WARN  Using H2 2.4.240 which is newer than the version Flyway has been verified with. The latest verified version of H2 is 2.3.232.
2026.08.21 21:31:22 INFO  time: indexed workspace in 15s
2026.08.21 21:31:23 INFO  compiling rest-service (2 java sources)
Aug 21, 2026 9:31:24 PM org.eclipse.lsp4j.jsonrpc.services.GenericEndpoint notify
INFO: Unsupported notification method: $/setTrace
2026.08.21 21:31:25 WARN  Unexpected javac output: WARNING: A terminally deprecated method in sun.misc.Unsafe has been called
WARNING: sun.misc.Unsafe::arrayBaseOffset has been called by com.sourcegraph.shaded.com.google.protobuf.UnsafeUtil$MemoryAccessor (file:/C:/Users/ijahm/AppData/Local/bloop/cache/semanticdb/com.sourcegraph.semanticdb-javac.0.12.3/semanticdb-javac-0.12.3.jar)
WARNING: Please consider reporting this to the maintainers of class com.sourcegraph.shaded.com.google.protobuf.UnsafeUtil$MemoryAccessor
WARNING: sun.misc.Unsafe::arrayBaseOffset will be removed in a future release.
2026.08.21 21:31:25 INFO  compiling rest-service-test (1 java source)
2026.08.21 21:31:26 INFO  time: compiled rest-service in 3.33s
2026.08.21 21:31:28 WARN  Unexpected javac output: WARNING: A terminally deprecated method in sun.misc.Unsafe has been called
WARNING: sun.misc.Unsafe::arrayBaseOffset has been called by com.sourcegraph.shaded.com.google.protobuf.UnsafeUtil$MemoryAccessor (file:/C:/Users/ijahm/AppData/Local/bloop/cache/semanticdb/com.sourcegraph.semanticdb-javac.0.12.3/semanticdb-javac-0.12.3.jar)
WARNING: Please consider reporting this to the maintainers of class com.sourcegraph.shaded.com.google.protobuf.UnsafeUtil$MemoryAccessor
WARNING: sun.misc.Unsafe::arrayBaseOffset will be removed in a future release.
2026.08.21 21:31:28 INFO  time: compiled rest-service-test in 2.46s
2026.08.21 21:31:37 INFO  compiling rest-service (1 java source)
2026.08.21 21:31:41 INFO  time: compiled rest-service in 3.6s
2026.08.21 21:31:45 INFO  compiling rest-service (3 java sources)
2026.08.21 21:31:47 WARN  Unexpected javac output: WARNING: A terminally deprecated method in sun.misc.Unsafe has been called
WARNING: sun.misc.Unsafe::arrayBaseOffset has been called by com.sourcegraph.shaded.com.google.protobuf.UnsafeUtil$MemoryAccessor (file:/C:/Users/ijahm/AppData/Local/bloop/cache/semanticdb/com.sourcegraph.semanticdb-javac.0.12.3/semanticdb-javac-0.12.3.jar)
WARNING: Please consider reporting this to the maintainers of class com.sourcegraph.shaded.com.google.protobuf.UnsafeUtil$MemoryAccessor
WARNING: sun.misc.Unsafe::arrayBaseOffset will be removed in a future release.
2026.08.21 21:31:47 INFO  time: compiled rest-service in 2.15s
2026.08.21 21:41:05 INFO  compiling rest-service (1 java source)
2026.08.21 21:41:07 WARN  Unexpected javac output: WARNING: A terminally deprecated method in sun.misc.Unsafe has been called
WARNING: sun.misc.Unsafe::arrayBaseOffset has been called by com.sourcegraph.shaded.com.google.protobuf.UnsafeUtil$MemoryAccessor (file:/C:/Users/ijahm/AppData/Local/bloop/cache/semanticdb/com.sourcegraph.semanticdb-javac.0.12.3/semanticdb-javac-0.12.3.jar)
WARNING: Please consider reporting this to the maintainers of class com.sourcegraph.shaded.com.google.protobuf.UnsafeUtil$MemoryAccessor
WARNING: sun.misc.Unsafe::arrayBaseOffset will be removed in a future release.
2026.08.21 21:41:07 INFO  time: compiled rest-service in 2.42s
2026.08.21 21:41:07 INFO  compiling rest-service (7 java sources)
2026.08.21 21:41:09 WARN  Unexpected javac output: WARNING: A terminally deprecated method in sun.misc.Unsafe has been called
WARNING: sun.misc.Unsafe::arrayBaseOffset has been called by com.sourcegraph.shaded.com.google.protobuf.UnsafeUtil$MemoryAccessor (file:/C:/Users/ijahm/AppData/Local/bloop/cache/semanticdb/com.sourcegraph.semanticdb-javac.0.12.3/semanticdb-javac-0.12.3.jar)
WARNING: Please consider reporting this to the maintainers of class com.sourcegraph.shaded.com.google.protobuf.UnsafeUtil$MemoryAccessor
WARNING: sun.misc.Unsafe::arrayBaseOffset will be removed in a future release.
2026.08.21 21:41:09 INFO  time: compiled rest-service in 2.1s
Aug 21, 2026 9:41:19 PM org.eclipse.lsp4j.jsonrpc.RemoteEndpoint handleCancellation
WARNING: Unmatched cancel notification for request id 117
Aug 21, 2026 9:41:32 PM org.eclipse.lsp4j.jsonrpc.RemoteEndpoint handleCancellation
WARNING: Unmatched cancel notification for request id 138
Aug 21, 2026 9:42:08 PM org.eclipse.lsp4j.jsonrpc.RemoteEndpoint handleCancellation
WARNING: Unmatched cancel notification for request id 154
Aug 21, 2026 9:43:27 PM org.eclipse.lsp4j.jsonrpc.RemoteEndpoint handleCancellation
WARNING: Unmatched cancel notification for request id 315
Aug 21, 2026 9:45:05 PM org.eclipse.lsp4j.jsonrpc.RemoteEndpoint handleCancellation
WARNING: Unmatched cancel notification for request id 368
2026.08.21 21:45:53 INFO  compiling rest-service (1 java source)
2026.08.21 21:45:55 WARN  Unexpected javac output: WARNING: A terminally deprecated method in sun.misc.Unsafe has been called
WARNING: sun.misc.Unsafe::arrayBaseOffset has been called by com.sourcegraph.shaded.com.google.protobuf.UnsafeUtil$MemoryAccessor (file:/C:/Users/ijahm/AppData/Local/bloop/cache/semanticdb/com.sourcegraph.semanticdb-javac.0.12.3/semanticdb-javac-0.12.3.jar)
WARNING: Please consider reporting this to the maintainers of class com.sourcegraph.shaded.com.google.protobuf.UnsafeUtil$MemoryAccessor
WARNING: sun.misc.Unsafe::arrayBaseOffset will be removed in a future release.
2026.08.21 21:45:55 INFO  time: compiled rest-service in 1.66s
2026.08.21 21:46:23 INFO  Shutting down server
2026.08.21 21:46:23 INFO  Memory monitor stopped
2026.08.21 21:46:23 INFO  shutting down Metals
2026.08.21 21:46:23 INFO  Shut down connection with build server.
2026.08.21 21:46:23 INFO  Exiting server
2026.09.02 22:27:49 INFO  Started: Metals version 1.6.8 in folders 'C:\Users\ijahm\OneDrive\Documents\Code\Virtual_Experience\hewlet_packard_all\springBoot_take2' for client Visual Studio Code 1.134.0.
2026.09.02 22:27:49 INFO  Memory monitor started
2026.09.02 22:27:52 WARN  Using H2 2.4.240 which is newer than the version Flyway has been verified with. The latest verified version of H2 is 2.3.232.
2026.09.02 22:27:52 INFO  Attempting to connect to the build server...
2026.09.02 22:27:52 INFO  No running Bloop server found, starting one.
2026.09.02 22:27:56 INFO  Starting compilation server
2026.09.02 22:28:00 INFO  Tracing is disabled for protocol BSP. To enable tracing of incoming and outgoing JSON messages, create an empty file at C:\Users\ijahm\OneDrive\Documents\Code\Virtual_Experience\hewlet_packard_all\springBoot_take2\.metals\bsp.trace.json or C:\Users\ijahm\AppData\Local\scalameta\metals\cache\bsp.trace.json
2026.09.02 22:28:19 INFO  time: Connected to build server in 26s
2026.09.02 22:28:19 INFO  Connected to Build server: Bloop v2.1.1
2026.09.02 22:28:20 INFO  time: Imported build in 0.85s
2026.09.02 22:28:29 WARN  Using H2 2.4.240 which is newer than the version Flyway has been verified with. The latest verified version of H2 is 2.3.232.
2026.09.02 22:28:34 INFO  time: indexed workspace in 14s
Sept 02, 2026 10:32:04 PM org.eclipse.lsp4j.jsonrpc.services.GenericEndpoint notify
INFO: Unsupported notification method: $/setTrace
Sept 02, 2026 10:37:24 PM org.eclipse.lsp4j.jsonrpc.RemoteEndpoint handleCancellation
WARNING: Unmatched cancel notification for request id 2
Sept 02, 2026 10:37:24 PM org.eclipse.lsp4j.jsonrpc.RemoteEndpoint handleCancellation
WARNING: Unmatched cancel notification for request id 4
Sept 02, 2026 10:37:24 PM org.eclipse.lsp4j.jsonrpc.RemoteEndpoint handleCancellation
WARNING: Unmatched cancel notification for request id 3
Sept 02, 2026 11:12:22 PM org.eclipse.lsp4j.jsonrpc.RemoteEndpoint handleCancellation
WARNING: Unmatched cancel notification for request id 87
Sept 02, 2026 11:12:54 PM org.eclipse.lsp4j.jsonrpc.RemoteEndpoint handleCancellation
WARNING: Unmatched cancel notification for request id 120
Sept 02, 2026 11:14:05 PM org.eclipse.lsp4j.jsonrpc.RemoteEndpoint handleCancellation
WARNING: Unmatched cancel notification for request id 259
Sept 02, 2026 11:15:10 PM org.eclipse.lsp4j.jsonrpc.RemoteEndpoint handleCancellation
WARNING: Unmatched cancel notification for request id 366
Sept 02, 2026 11:15:44 PM org.eclipse.lsp4j.jsonrpc.RemoteEndpoint handleCancellation
WARNING: Unmatched cancel notification for request id 426
Sept 02, 2026 11:17:07 PM org.eclipse.lsp4j.jsonrpc.RemoteEndpoint handleCancellation
WARNING: Unmatched cancel notification for request id 501
Sept 02, 2026 11:17:07 PM org.eclipse.lsp4j.jsonrpc.RemoteEndpoint handleCancellation
WARNING: Unmatched cancel notification for request id 506
Sept 02, 2026 11:17:09 PM org.eclipse.lsp4j.jsonrpc.RemoteEndpoint fallbackResponseError
SEVERE: Internal error: java.lang.IllegalStateException: java.lang.NullPointerException: Cannot invoke "com.sun.tools.javac.code.Type.hasTag(com.sun.tools.javac.code.TypeTag)" because "owner.type" is null
java.util.concurrent.CompletionException: java.lang.IllegalStateException: java.lang.NullPointerException: Cannot invoke "com.sun.tools.javac.code.Type.hasTag(com.sun.tools.javac.code.TypeTag)" because "owner.type" is null
	at java.base/java.util.concurrent.CompletableFuture.wrapInCompletionException(CompletableFuture.java:323)
	at java.base/java.util.concurrent.CompletableFuture.encodeThrowable(CompletableFuture.java:376)
	at java.base/java.util.concurrent.CompletableFuture.completeThrowable(CompletableFuture.java:391)
	at java.base/java.util.concurrent.CompletableFuture$UniAccept.tryFire(CompletableFuture.java:729)
	at java.base/java.util.concurrent.CompletableFuture.postComplete(CompletableFuture.java:531)
	at java.base/java.util.concurrent.CompletableFuture.completeExceptionally(CompletableFuture.java:2221)
	at scala.meta.internal.metals.CancelTokens$.$anonfun$future$1(CancelTokens.scala:40)
	at scala.meta.internal.metals.CancelTokens$.$anonfun$future$1$adapted(CancelTokens.scala:38)
	at scala.concurrent.impl.Promise$Transformation.run(Promise.scala:517)
	at java.base/java.util.concurrent.ThreadPoolExecutor.runWorker(ThreadPoolExecutor.java:1090)
	at java.base/java.util.concurrent.ThreadPoolExecutor$Worker.run(ThreadPoolExecutor.java:614)
	at java.base/java.lang.Thread.run(Thread.java:1474)
Caused by: java.lang.IllegalStateException: java.lang.NullPointerException: Cannot invoke "com.sun.tools.javac.code.Type.hasTag(com.sun.tools.javac.code.TypeTag)" because "owner.type" is null
	at jdk.compiler/com.sun.tools.javac.api.JavacTaskImpl.analyze(JavacTaskImpl.java:383)
	at scala.meta.internal.parsing.JavaFoldingRangeExtractor$.getTrees(JavaFoldingRangeExtractor.scala:126)
	at scala.meta.internal.parsing.JavaFoldingRangeExtractor$.extract(JavaFoldingRangeExtractor.scala:169)
	at scala.meta.internal.parsing.FoldingRangeProvider.$anonfun$getRangedForJava$2(FoldingRangeProvider.scala:52)
	at scala.Option$WithFilter.map(Option.scala:242)
	at scala.meta.internal.parsing.FoldingRangeProvider.getRangedForJava(FoldingRangeProvider.scala:48)
	at scala.meta.internal.metals.MetalsLspService.$anonfun$foldingRange$3(MetalsLspService.scala:1271)
	at scala.concurrent.Future$.$anonfun$apply$1(Future.scala:691)
	at scala.concurrent.impl.Promise$Transformation.run(Promise.scala:500)
	... 3 more
Caused by: java.lang.NullPointerException: Cannot invoke "com.sun.tools.javac.code.Type.hasTag(com.sun.tools.javac.code.TypeTag)" because "owner.type" is null
	at jdk.compiler/com.sun.tools.javac.code.Symbol$MethodSymbol.<init>(Symbol.java:1985)
	at jdk.compiler/com.sun.tools.javac.comp.Attr.visitErroneous(Attr.java:5268)
	at jdk.compiler/com.sun.tools.javac.tree.JCTree$JCErroneous.accept(JCTree.java:3382)
	at jdk.compiler/com.sun.tools.javac.comp.Attr.attribTree(Attr.java:677)
	at jdk.compiler/com.sun.tools.javac.comp.Attr.visitParens(Attr.java:3976)
	at jdk.compiler/com.sun.tools.javac.tree.JCTree$JCParens.accept(JCTree.java:2078)
	at jdk.compiler/com.sun.tools.javac.comp.Attr.attribTree(Attr.java:677)
	at jdk.compiler/com.sun.tools.javac.comp.Attr.attribExpr(Attr.java:723)
	at jdk.compiler/com.sun.tools.javac.comp.Attr.visitIf(Attr.java:2275)
	at jdk.compiler/com.sun.tools.javac.tree.JCTree$JCIf.accept(JCTree.java:1616)
	at jdk.compiler/com.sun.tools.javac.comp.Attr.attribTree(Attr.java:677)
	at jdk.compiler/com.sun.tools.javac.comp.Attr.visitErroneous(Attr.java:5279)
	at jdk.compiler/com.sun.tools.javac.tree.JCTree$JCErroneous.accept(JCTree.java:3382)
	at jdk.compiler/com.sun.tools.javac.comp.Attr.attribTree(Attr.java:677)
	at jdk.compiler/com.sun.tools.javac.comp.Attr.attribStat(Attr.java:751)
	at jdk.compiler/com.sun.tools.javac.comp.Attr.attribClassBody(Attr.java:5664)
	at jdk.compiler/com.sun.tools.javac.comp.Attr.attribClass(Attr.java:5550)
	at jdk.compiler/com.sun.tools.javac.comp.Attr.attribClass(Attr.java:5365)
	at jdk.compiler/com.sun.tools.javac.comp.Attr.attrib(Attr.java:5302)
	at jdk.compiler/com.sun.tools.javac.main.JavaCompiler.attribute(JavaCompiler.java:1346)
	at jdk.compiler/com.sun.tools.javac.main.JavaCompiler.attribute(JavaCompiler.java:1319)
	at jdk.compiler/com.sun.tools.javac.api.JavacTaskImpl.analyze(JavacTaskImpl.java:404)
	at jdk.compiler/com.sun.tools.javac.api.JavacTaskImpl.lambda$analyze$0(JavacTaskImpl.java:379)
	at jdk.compiler/com.sun.tools.javac.api.JavacTaskImpl.invocationHelper(JavacTaskImpl.java:152)
	at jdk.compiler/com.sun.tools.javac.api.JavacTaskImpl.analyze(JavacTaskImpl.java:379)
	... 11 more

Sept 02, 2026 11:19:23 PM org.eclipse.lsp4j.jsonrpc.RemoteEndpoint handleCancellation
WARNING: Unmatched cancel notification for request id 589
2026.09.02 23:19:52 INFO  compiling rest-service (2 java sources)
2026.09.02 23:19:54 WARN  Unexpected javac output: WARNING: A terminally deprecated method in sun.misc.Unsafe has been called
WARNING: sun.misc.Unsafe::arrayBaseOffset has been called by com.sourcegraph.shaded.com.google.protobuf.UnsafeUtil$MemoryAccessor (file:/C:/Users/ijahm/AppData/Local/bloop/cache/semanticdb/com.sourcegraph.semanticdb-javac.0.12.3/semanticdb-javac-0.12.3.jar)
WARNING: Please consider reporting this to the maintainers of class com.sourcegraph.shaded.com.google.protobuf.UnsafeUtil$MemoryAccessor
WARNING: sun.misc.Unsafe::arrayBaseOffset will be removed in a future release.
2026.09.02 23:19:54 INFO  time: compiled rest-service in 1.97s
2026.09.02 23:19:54 INFO  compiling rest-service (1 java source)
2026.09.02 23:19:55 WARN  Unexpected javac output: WARNING: A terminally deprecated method in sun.misc.Unsafe has been called
WARNING: sun.misc.Unsafe::arrayBaseOffset has been called by com.sourcegraph.shaded.com.google.protobuf.UnsafeUtil$MemoryAccessor (file:/C:/Users/ijahm/AppData/Local/bloop/cache/semanticdb/com.sourcegraph.semanticdb-javac.0.12.3/semanticdb-javac-0.12.3.jar)
WARNING: Please consider reporting this to the maintainers of class com.sourcegraph.shaded.com.google.protobuf.UnsafeUtil$MemoryAccessor
WARNING: sun.misc.Unsafe::arrayBaseOffset will be removed in a future release.
2026.09.02 23:19:55 INFO  time: compiled rest-service in 1.18s
Sept 02, 2026 11:24:58 PM org.eclipse.lsp4j.jsonrpc.RemoteEndpoint handleCancellation
WARNING: Unmatched cancel notification for request id 739
2026.09.02 23:27:26 INFO  compiling rest-service (1 java source)
2026.09.02 23:27:27 WARN  javac exited with exit code 1
2026.09.02 23:27:27 INFO  time: compiled rest-service in 1.26s
Sept 02, 2026 11:27:31 PM org.eclipse.lsp4j.jsonrpc.RemoteEndpoint handleCancellation
WARNING: Unmatched cancel notification for request id 856
2026.09.02 23:27:55 INFO  compiling rest-service (1 java source)
2026.09.02 23:27:57 WARN  javac exited with exit code 1
2026.09.02 23:27:57 INFO  time: compiled rest-service in 1.07s
2026.09.02 23:28:37 INFO  compiling rest-service (1 java source)
2026.09.02 23:28:38 WARN  Unexpected javac output: WARNING: A terminally deprecated method in sun.misc.Unsafe has been called
WARNING: sun.misc.Unsafe::arrayBaseOffset has been called by com.sourcegraph.shaded.com.google.protobuf.UnsafeUtil$MemoryAccessor (file:/C:/Users/ijahm/AppData/Local/bloop/cache/semanticdb/com.sourcegraph.semanticdb-javac.0.12.3/semanticdb-javac-0.12.3.jar)
WARNING: Please consider reporting this to the maintainers of class com.sourcegraph.shaded.com.google.protobuf.UnsafeUtil$MemoryAccessor
WARNING: sun.misc.Unsafe::arrayBaseOffset will be removed in a future release.
2026.09.02 23:28:38 INFO  time: compiled rest-service in 1.19s
Sept 02, 2026 11:29:22 PM org.eclipse.lsp4j.jsonrpc.RemoteEndpoint handleCancellation
WARNING: Unmatched cancel notification for request id 945
2026.09.02 23:30:00 INFO  compiling rest-service (1 java source)
Sept 02, 2026 11:30:00 PM org.eclipse.lsp4j.jsonrpc.RemoteEndpoint handleCancellation
WARNING: Unmatched cancel notification for request id 951
2026.09.02 23:30:01 WARN  Unexpected javac output: WARNING: A terminally deprecated method in sun.misc.Unsafe has been called
WARNING: sun.misc.Unsafe::arrayBaseOffset has been called by com.sourcegraph.shaded.com.google.protobuf.UnsafeUtil$MemoryAccessor (file:/C:/Users/ijahm/AppData/Local/bloop/cache/semanticdb/com.sourcegraph.semanticdb-javac.0.12.3/semanticdb-javac-0.12.3.jar)
WARNING: Please consider reporting this to the maintainers of class com.sourcegraph.shaded.com.google.protobuf.UnsafeUtil$MemoryAccessor
WARNING: sun.misc.Unsafe::arrayBaseOffset will be removed in a future release.
2026.09.02 23:30:01 INFO  time: compiled rest-service in 1.56s
2026.09.02 23:30:25 INFO  compiling rest-service (1 java source)
2026.09.02 23:30:26 WARN  Unexpected javac output: WARNING: A terminally deprecated method in sun.misc.Unsafe has been called
WARNING: sun.misc.Unsafe::arrayBaseOffset has been called by com.sourcegraph.shaded.com.google.protobuf.UnsafeUtil$MemoryAccessor (file:/C:/Users/ijahm/AppData/Local/bloop/cache/semanticdb/com.sourcegraph.semanticdb-javac.0.12.3/semanticdb-javac-0.12.3.jar)
WARNING: Please consider reporting this to the maintainers of class com.sourcegraph.shaded.com.google.protobuf.UnsafeUtil$MemoryAccessor
WARNING: sun.misc.Unsafe::arrayBaseOffset will be removed in a future release.
2026.09.02 23:30:26 INFO  time: compiled rest-service in 1.06s
Sept 02, 2026 11:31:31 PM org.eclipse.lsp4j.jsonrpc.RemoteEndpoint handleCancellation
WARNING: Unmatched cancel notification for request id 1158
Sept 02, 2026 11:34:28 PM org.eclipse.lsp4j.jsonrpc.RemoteEndpoint handleCancellation
WARNING: Unmatched cancel notification for request id 1687
2026.09.02 23:34:49 INFO  Created report: Optional[file:///C:/Users/ijahm/OneDrive/Documents/Code/Virtual_Experience/hewlet_packard_all/springBoot_take2/rest-service/src/main/java/com/example/restservice/EmployeeAdd.java]
2026.09.02 23:34:49 INFO  empty definition using pc, found symbol in pc: com/example/restservice/EmployeeManager#addEmployee# (full report at: "C:\Users\ijahm\OneDrive\Documents\Code\Virtual_Experience\hewlet_packard_all\springBoot_take2\.metals\.reports\metals-full\2026-09-02\r_empty-definition_(rest-service)_23-34-49-943.md")
2026.09.02 23:35:02 INFO  compiling rest-service (1 java source)
2026.09.02 23:35:03 WARN  Could not load snapshot text for C:\Users\ijahm\OneDrive\Documents\Code\Virtual_Experience\hewlet_packard_all\springBoot_take2\rest-service\src\main\java\com\example\restservice\EmployeeAdd.java
2026.09.02 23:35:04 WARN  Unexpected javac output: WARNING: A terminally deprecated method in sun.misc.Unsafe has been called
WARNING: sun.misc.Unsafe::arrayBaseOffset has been called by com.sourcegraph.shaded.com.google.protobuf.UnsafeUtil$MemoryAccessor (file:/C:/Users/ijahm/AppData/Local/bloop/cache/semanticdb/com.sourcegraph.semanticdb-javac.0.12.3/semanticdb-javac-0.12.3.jar)
WARNING: Please consider reporting this to the maintainers of class com.sourcegraph.shaded.com.google.protobuf.UnsafeUtil$MemoryAccessor
WARNING: sun.misc.Unsafe::arrayBaseOffset will be removed in a future release.
2026.09.02 23:35:04 INFO  time: compiled rest-service in 1.57s
2026.09.02 23:37:11 INFO  compiling rest-service (1 java source)
2026.09.02 23:37:12 WARN  Unexpected javac output: WARNING: A terminally deprecated method in sun.misc.Unsafe has been called
WARNING: sun.misc.Unsafe::arrayBaseOffset has been called by com.sourcegraph.shaded.com.google.protobuf.UnsafeUtil$MemoryAccessor (file:/C:/Users/ijahm/AppData/Local/bloop/cache/semanticdb/com.sourcegraph.semanticdb-javac.0.12.3/semanticdb-javac-0.12.3.jar)
WARNING: Please consider reporting this to the maintainers of class com.sourcegraph.shaded.com.google.protobuf.UnsafeUtil$MemoryAccessor
WARNING: sun.misc.Unsafe::arrayBaseOffset will be removed in a future release.
2026.09.02 23:37:12 INFO  time: compiled rest-service in 1.13s
Sept 02, 2026 11:42:19 PM org.eclipse.lsp4j.jsonrpc.services.GenericEndpoint notify
INFO: Unsupported notification method: $/setTrace
2026.09.02 23:48:08 INFO  compiling rest-service (1 java source)
2026.09.02 23:48:09 WARN  javac exited with exit code 1
2026.09.02 23:48:09 INFO  time: compiled rest-service in 1.08s
2026.09.02 23:49:13 INFO  compiling rest-service (2 java sources)
2026.09.02 23:49:14 WARN  Unexpected javac output: WARNING: A terminally deprecated method in sun.misc.Unsafe has been called
WARNING: sun.misc.Unsafe::arrayBaseOffset has been called by com.sourcegraph.shaded.com.google.protobuf.UnsafeUtil$MemoryAccessor (file:/C:/Users/ijahm/AppData/Local/bloop/cache/semanticdb/com.sourcegraph.semanticdb-javac.0.12.3/semanticdb-javac-0.12.3.jar)
WARNING: Please consider reporting this to the maintainers of class com.sourcegraph.shaded.com.google.protobuf.UnsafeUtil$MemoryAccessor
WARNING: sun.misc.Unsafe::arrayBaseOffset will be removed in a future release.
2026.09.02 23:49:14 INFO  time: compiled rest-service in 1.24s
2026.09.02 23:49:14 INFO  compiling rest-service (1 java source)
2026.09.02 23:49:15 WARN  Unexpected javac output: WARNING: A terminally deprecated method in sun.misc.Unsafe has been called
WARNING: sun.misc.Unsafe::arrayBaseOffset has been called by com.sourcegraph.shaded.com.google.protobuf.UnsafeUtil$MemoryAccessor (file:/C:/Users/ijahm/AppData/Local/bloop/cache/semanticdb/com.sourcegraph.semanticdb-javac.0.12.3/semanticdb-javac-0.12.3.jar)
WARNING: Please consider reporting this to the maintainers of class com.sourcegraph.shaded.com.google.protobuf.UnsafeUtil$MemoryAccessor
WARNING: sun.misc.Unsafe::arrayBaseOffset will be removed in a future release.
2026.09.02 23:49:15 INFO  time: compiled rest-service in 1.43s
2026.09.02 23:54:42 INFO  compiling rest-service (3 java sources)
2026.09.02 23:54:44 WARN  Unexpected javac output: WARNING: A terminally deprecated method in sun.misc.Unsafe has been called
WARNING: sun.misc.Unsafe::arrayBaseOffset has been called by com.sourcegraph.shaded.com.google.protobuf.UnsafeUtil$MemoryAccessor (file:/C:/Users/ijahm/AppData/Local/bloop/cache/semanticdb/com.sourcegraph.semanticdb-javac.0.12.3/semanticdb-javac-0.12.3.jar)
WARNING: Please consider reporting this to the maintainers of class com.sourcegraph.shaded.com.google.protobuf.UnsafeUtil$MemoryAccessor
WARNING: sun.misc.Unsafe::arrayBaseOffset will be removed in a future release.
2026.09.02 23:54:44 INFO  time: compiled rest-service in 1.8s
2026.09.02 23:54:44 INFO  compiling rest-service (1 java source)
2026.09.02 23:54:45 WARN  Unexpected javac output: WARNING: A terminally deprecated method in sun.misc.Unsafe has been called
WARNING: sun.misc.Unsafe::arrayBaseOffset has been called by com.sourcegraph.shaded.com.google.protobuf.UnsafeUtil$MemoryAccessor (file:/C:/Users/ijahm/AppData/Local/bloop/cache/semanticdb/com.sourcegraph.semanticdb-javac.0.12.3/semanticdb-javac-0.12.3.jar)
WARNING: Please consider reporting this to the maintainers of class com.sourcegraph.shaded.com.google.protobuf.UnsafeUtil$MemoryAccessor
WARNING: sun.misc.Unsafe::arrayBaseOffset will be removed in a future release.
2026.09.02 23:54:45 INFO  time: compiled rest-service in 1.38s
Sept 02, 2026 11:59:28 PM org.eclipse.lsp4j.jsonrpc.RemoteEndpoint handleCancellation
WARNING: Unmatched cancel notification for request id 2279
2026.09.03 00:01:08 INFO  compiling rest-service (2 java sources)
2026.09.03 00:01:09 WARN  Unexpected javac output: WARNING: A terminally deprecated method in sun.misc.Unsafe has been called
WARNING: sun.misc.Unsafe::arrayBaseOffset has been called by com.sourcegraph.shaded.com.google.protobuf.UnsafeUtil$MemoryAccessor (file:/C:/Users/ijahm/AppData/Local/bloop/cache/semanticdb/com.sourcegraph.semanticdb-javac.0.12.3/semanticdb-javac-0.12.3.jar)
WARNING: Please consider reporting this to the maintainers of class com.sourcegraph.shaded.com.google.protobuf.UnsafeUtil$MemoryAccessor
WARNING: sun.misc.Unsafe::arrayBaseOffset will be removed in a future release.
2026.09.03 00:01:09 INFO  time: compiled rest-service in 1.45s
2026.09.03 00:01:09 INFO  compiling rest-service (2 java sources)
2026.09.03 00:01:11 WARN  Unexpected javac output: WARNING: A terminally deprecated method in sun.misc.Unsafe has been called
WARNING: sun.misc.Unsafe::arrayBaseOffset has been called by com.sourcegraph.shaded.com.google.protobuf.UnsafeUtil$MemoryAccessor (file:/C:/Users/ijahm/AppData/Local/bloop/cache/semanticdb/com.sourcegraph.semanticdb-javac.0.12.3/semanticdb-javac-0.12.3.jar)
WARNING: Please consider reporting this to the maintainers of class com.sourcegraph.shaded.com.google.protobuf.UnsafeUtil$MemoryAccessor
WARNING: sun.misc.Unsafe::arrayBaseOffset will be removed in a future release.
2026.09.03 00:01:11 INFO  time: compiled rest-service in 1.4s
Sept 03, 2026 12:11:27 AM org.eclipse.lsp4j.jsonrpc.RemoteEndpoint handleCancellation
WARNING: Unmatched cancel notification for request id 2401
2026.09.03 00:13:06 INFO  compiling rest-service-test (1 java source)
2026.09.03 00:13:07 WARN  Unexpected javac output: WARNING: A terminally deprecated method in sun.misc.Unsafe has been called
WARNING: sun.misc.Unsafe::arrayBaseOffset has been called by com.sourcegraph.shaded.com.google.protobuf.UnsafeUtil$MemoryAccessor (file:/C:/Users/ijahm/AppData/Local/bloop/cache/semanticdb/com.sourcegraph.semanticdb-javac.0.12.3/semanticdb-javac-0.12.3.jar)
WARNING: Please consider reporting this to the maintainers of class com.sourcegraph.shaded.com.google.protobuf.UnsafeUtil$MemoryAccessor
WARNING: sun.misc.Unsafe::arrayBaseOffset will be removed in a future release.
2026.09.03 00:13:07 INFO  time: compiled rest-service-test in 1.36s
Sept 03, 2026 12:13:22 AM org.eclipse.lsp4j.jsonrpc.RemoteEndpoint handleCancellation
WARNING: Unmatched cancel notification for request id 2446
Sept 03, 2026 12:13:33 AM org.eclipse.lsp4j.jsonrpc.RemoteEndpoint handleCancellation
WARNING: Unmatched cancel notification for request id 2491
Sept 03, 2026 12:13:56 AM org.eclipse.lsp4j.jsonrpc.RemoteEndpoint handleCancellation
WARNING: Unmatched cancel notification for request id 2547
Sept 03, 2026 12:14:03 AM org.eclipse.lsp4j.jsonrpc.RemoteEndpoint handleCancellation
WARNING: Unmatched cancel notification for request id 2549
Sept 03, 2026 12:14:04 AM org.eclipse.lsp4j.jsonrpc.RemoteEndpoint handleCancellation
WARNING: Unmatched cancel notification for request id 2552
Sept 03, 2026 12:15:50 AM org.eclipse.lsp4j.jsonrpc.RemoteEndpoint handleCancellation
WARNING: Unmatched cancel notification for request id 2603
2026.09.03 00:16:01 INFO  compiling rest-service-test (1 java source)
2026.09.03 00:16:01 WARN  javac exited with exit code 1
2026.09.03 00:16:01 INFO  time: compiled rest-service-test in 0.69s
Sept 03, 2026 12:16:12 AM scala.meta.internal.parsing.TokenEditDistance$Diff $anonfun$toRevised$8
WARNING: stale range: Some([1000 (
) <-> [1000 (
)) None
2026.09.03 00:16:12 INFO  file:///C:/Users/ijahm/OneDrive/Documents/Code/Virtual_Experience/hewlet_packard_all/springBoot_take2/rest-service/src/test/java/com/example/restservice/EmployeeTest.java:66:1: stale bloop error:  error: reached end of file while parsing

^
Sept 03, 2026 12:16:13 AM scala.meta.internal.parsing.TokenEditDistance$Diff $anonfun$toRevised$8
WARNING: stale range: Some([1000 (
) <-> [1000 (
)) None
2026.09.03 00:16:13 INFO  file:///C:/Users/ijahm/OneDrive/Documents/Code/Virtual_Experience/hewlet_packard_all/springBoot_take2/rest-service/src/test/java/com/example/restservice/EmployeeTest.java:65:4: stale bloop error:  error: illegal character: '`'
```
   ^
Sept 03, 2026 12:16:13 AM scala.meta.internal.parsing.TokenEditDistance$Diff $anonfun$toRevised$8
WARNING: stale range: Some([1000 (
) <-> [1000 (
)) None
2026.09.03 00:16:13 INFO  file:///C:/Users/ijahm/OneDrive/Documents/Code/Virtual_Experience/hewlet_packard_all/springBoot_take2/rest-service/src/test/java/com/example/restservice/EmployeeTest.java:65:2: stale bloop error:  error: illegal character: '`'
```
 ^
Sept 03, 2026 12:16:13 AM scala.meta.internal.parsing.TokenEditDistance$Diff $anonfun$toRevised$8
WARNING: stale range: Some([1000 (
) <-> [1000 (
)) None
2026.09.03 00:16:13 INFO  file:///C:/Users/ijahm/OneDrive/Documents/Code/Virtual_Experience/hewlet_packard_all/springBoot_take2/rest-service/src/test/java/com/example/restservice/EmployeeTest.java:65:3: stale bloop error:  error: illegal character: '`'
```
  ^
Sept 03, 2026 12:16:13 AM scala.meta.internal.parsing.TokenEditDistance$Diff $anonfun$toRevised$8
WARNING: stale range: Some([1000 (
) <-> [1000 (
)) None
2026.09.03 00:16:13 INFO  file:///C:/Users/ijahm/OneDrive/Documents/Code/Virtual_Experience/hewlet_packard_all/springBoot_take2/rest-service/src/test/java/com/example/restservice/EmployeeTest.java:66:1: stale bloop error:  error: reached end of file while parsing

^
Sept 03, 2026 12:16:14 AM scala.meta.internal.parsing.TokenEditDistance$Diff $anonfun$toRevised$8
WARNING: stale range: Some([95 (}) <-> [95 (})) None
2026.09.03 00:16:13 INFO  file:///C:/Users/ijahm/OneDrive/Documents/Code/Virtual_Experience/hewlet_packard_all/springBoot_take2/rest-service/src/test/java/com/example/restservice/EmployeeTest.java:65:4: stale bloop error:  error: illegal character: '`'
```
   ^
Sept 03, 2026 12:16:14 AM scala.meta.internal.parsing.TokenEditDistance$Diff $anonfun$toRevised$8
WARNING: stale range: Some([95 (}) <-> [95 (})) None
2026.09.03 00:16:13 INFO  file:///C:/Users/ijahm/OneDrive/Documents/Code/Virtual_Experience/hewlet_packard_all/springBoot_take2/rest-service/src/test/java/com/example/restservice/EmployeeTest.java:65:2: stale bloop error:  error: illegal character: '`'
```
 ^
Sept 03, 2026 12:16:14 AM scala.meta.internal.parsing.TokenEditDistance$Diff $anonfun$toRevised$8
WARNING: stale range: Some([95 (}) <-> [95 (})) None
2026.09.03 00:16:13 INFO  file:///C:/Users/ijahm/OneDrive/Documents/Code/Virtual_Experience/hewlet_packard_all/springBoot_take2/rest-service/src/test/java/com/example/restservice/EmployeeTest.java:65:3: stale bloop error:  error: illegal character: '`'
```
  ^
Sept 03, 2026 12:16:14 AM scala.meta.internal.parsing.TokenEditDistance$Diff $anonfun$toRevised$8
WARNING: stale range: Some([95 (}) <-> [95 (})) None
2026.09.03 00:16:13 INFO  file:///C:/Users/ijahm/OneDrive/Documents/Code/Virtual_Experience/hewlet_packard_all/springBoot_take2/rest-service/src/test/java/com/example/restservice/EmployeeTest.java:66:1: stale bloop error:  error: reached end of file while parsing

^
Sept 03, 2026 12:16:15 AM scala.meta.internal.parsing.TokenEditDistance$Diff $anonfun$toRevised$8
WARNING: stale range: Some([1000 (
) <-> [1000 (
)) None
2026.09.03 00:16:15 INFO  file:///C:/Users/ijahm/OneDrive/Documents/Code/Virtual_Experience/hewlet_packard_all/springBoot_take2/rest-service/src/test/java/com/example/restservice/EmployeeTest.java:65:4: stale bloop error:  error: illegal character: '`'
```
   ^
Sept 03, 2026 12:16:15 AM scala.meta.internal.parsing.TokenEditDistance$Diff $anonfun$toRevised$8
WARNING: stale range: Some([1000 (
) <-> [1000 (
)) None
2026.09.03 00:16:15 INFO  file:///C:/Users/ijahm/OneDrive/Documents/Code/Virtual_Experience/hewlet_packard_all/springBoot_take2/rest-service/src/test/java/com/example/restservice/EmployeeTest.java:65:2: stale bloop error:  error: illegal character: '`'
```
 ^
Sept 03, 2026 12:16:15 AM scala.meta.internal.parsing.TokenEditDistance$Diff $anonfun$toRevised$8
WARNING: stale range: Some([1000 (
) <-> [1000 (
)) None
2026.09.03 00:16:15 INFO  file:///C:/Users/ijahm/OneDrive/Documents/Code/Virtual_Experience/hewlet_packard_all/springBoot_take2/rest-service/src/test/java/com/example/restservice/EmployeeTest.java:65:3: stale bloop error:  error: illegal character: '`'
```
  ^
Sept 03, 2026 12:16:15 AM scala.meta.internal.parsing.TokenEditDistance$Diff $anonfun$toRevised$8
WARNING: stale range: Some([1000 (
) <-> [1000 (
)) None
2026.09.03 00:16:15 INFO  file:///C:/Users/ijahm/OneDrive/Documents/Code/Virtual_Experience/hewlet_packard_all/springBoot_take2/rest-service/src/test/java/com/example/restservice/EmployeeTest.java:66:1: stale bloop error:  error: reached end of file while parsing

^
2026.09.03 00:16:15 INFO  compiling rest-service-test (1 java source)
2026.09.03 00:16:17 WARN  Unexpected javac output: WARNING: A terminally deprecated method in sun.misc.Unsafe has been called
WARNING: sun.misc.Unsafe::arrayBaseOffset has been called by com.sourcegraph.shaded.com.google.protobuf.UnsafeUtil$MemoryAccessor (file:/C:/Users/ijahm/AppData/Local/bloop/cache/semanticdb/com.sourcegraph.semanticdb-javac.0.12.3/semanticdb-javac-0.12.3.jar)
WARNING: Please consider reporting this to the maintainers of class com.sourcegraph.shaded.com.google.protobuf.UnsafeUtil$MemoryAccessor
WARNING: sun.misc.Unsafe::arrayBaseOffset will be removed in a future release.
2026.09.03 00:16:17 INFO  time: compiled rest-service-test in 1.72s
2026.09.03 00:18:10 INFO  Shutting down server
2026.09.03 00:18:10 INFO  Memory monitor stopped
2026.09.03 00:18:10 INFO  shutting down Metals
2026.09.03 00:18:10 INFO  Shut down connection with build server.
2026.09.03 00:18:10 INFO  Exiting server
2026.09.04 23:07:26 INFO  Started: Metals version 1.6.8 in folders 'C:\Users\ijahm\OneDrive\Documents\Code\Virtual_Experience\hewlet_packard_all\springBoot_take2' for client Visual Studio Code 1.136.0.
2026.09.04 23:07:26 INFO  Memory monitor started
2026.09.04 23:07:28 WARN  Using H2 2.4.240 which is newer than the version Flyway has been verified with. The latest verified version of H2 is 2.3.232.
2026.09.04 23:07:29 INFO  no build target found for C:\Users\ijahm\OneDrive\Documents\Code\Virtual_Experience\hewlet_packard_all\springBoot_take2\rest-service\src\test\java\com\example\restservice\EmployeeTest.java. Using fallback presentation compiler.
2026.09.04 23:07:29 INFO  Attempting to connect to the build server...
2026.09.04 23:07:29 INFO  No running Bloop server found, starting one.
2026.09.04 23:07:32 INFO  no build target found for C:\Users\ijahm\OneDrive\Documents\Code\Virtual_Experience\hewlet_packard_all\springBoot_take2\rest-service\src\test\java\com\example\restservice\EmployeeTest.java. Using fallback presentation compiler.
2026.09.04 23:07:32 INFO  Starting compilation server
2026.09.04 23:07:36 INFO  Tracing is disabled for protocol BSP. To enable tracing of incoming and outgoing JSON messages, create an empty file at C:\Users\ijahm\OneDrive\Documents\Code\Virtual_Experience\hewlet_packard_all\springBoot_take2\.metals\bsp.trace.json or C:\Users\ijahm\AppData\Local\scalameta\metals\cache\bsp.trace.json
2026.09.04 23:07:38 INFO  no build target found for C:\Users\ijahm\OneDrive\Documents\Code\Virtual_Experience\hewlet_packard_all\springBoot_take2\rest-service\src\main\java\com\example\restservice\Employee.java. Using fallback presentation compiler.
2026.09.04 23:07:38 WARN  no build target for: C:\Users\ijahm\OneDrive\Documents\Code\Virtual_Experience\hewlet_packard_all\springBoot_take2\rest-service\src\main\java\com\example\restservice\Employee.java
Sept 04, 2026 11:07:38 PM org.eclipse.lsp4j.jsonrpc.RemoteEndpoint handleCancellation
WARNING: Unmatched cancel notification for request id 26
2026.09.04 23:07:38 INFO  no build target found for C:\Users\ijahm\OneDrive\Documents\Code\Virtual_Experience\hewlet_packard_all\springBoot_take2\rest-service\src\main\java\com\example\restservice\Employee.java. Using fallback presentation compiler.
2026.09.04 23:07:40 INFO  no build target found for C:\Users\ijahm\OneDrive\Documents\Code\Virtual_Experience\hewlet_packard_all\springBoot_take2\rest-service\src\main\java\com\example\restservice\EmployeeController.java. Using fallback presentation compiler.
2026.09.04 23:07:40 WARN  no build target for: C:\Users\ijahm\OneDrive\Documents\Code\Virtual_Experience\hewlet_packard_all\springBoot_take2\rest-service\src\main\java\com\example\restservice\EmployeeController.java
Sept 04, 2026 11:07:40 PM org.eclipse.lsp4j.jsonrpc.RemoteEndpoint handleCancellation
WARNING: Unmatched cancel notification for request id 33
2026.09.04 23:07:40 INFO  no build target found for C:\Users\ijahm\OneDrive\Documents\Code\Virtual_Experience\hewlet_packard_all\springBoot_take2\rest-service\src\main\java\com\example\restservice\EmployeeController.java. Using fallback presentation compiler.
2026.09.04 23:07:40 INFO  no build target found for C:\Users\ijahm\OneDrive\Documents\Code\Virtual_Experience\hewlet_packard_all\springBoot_take2\rest-service\src\main\java\com\example\restservice\EmployeeController.java. Using fallback presentation compiler.
2026.09.04 23:07:40 INFO  no build target found for C:\Users\ijahm\OneDrive\Documents\Code\Virtual_Experience\hewlet_packard_all\springBoot_take2\rest-service\src\main\java\com\example\restservice\EmployeeController.java. Using fallback presentation compiler.
2026.09.04 23:07:41 INFO  time: Connected to build server in 12s
2026.09.04 23:07:41 INFO  Connected to Build server: Bloop v2.1.1
2026.09.04 23:07:41 INFO  time: Imported build in 0.3s
2026.09.04 23:07:45 WARN  Using H2 2.4.240 which is newer than the version Flyway has been verified with. The latest verified version of H2 is 2.3.232.
2026.09.04 23:07:47 INFO  time: indexed workspace in 6s
Sept 04, 2026 11:07:48 PM org.eclipse.lsp4j.jsonrpc.RemoteEndpoint handleCancellation
WARNING: Unmatched cancel notification for request id 64
2026.09.04 23:07:57 INFO  compiling rest-service-test (1 java source)
2026.09.04 23:08:00 INFO  time: compiled rest-service-test in 3.35s
Sept 04, 2026 11:08:07 PM org.eclipse.lsp4j.jsonrpc.RemoteEndpoint handleCancellation
WARNING: Unmatched cancel notification for request id 101
2026.09.04 23:08:07 INFO  Created report: Optional[file:///C:/Users/ijahm/OneDrive/Documents/Code/Virtual_Experience/hewlet_packard_all/springBoot_take2/rest-service/src/test/java/com/example/restservice/EmployeeTest.java]
2026.09.04 23:08:07 INFO  empty definition using pc, found symbol in pc:  (full report at: "C:\Users\ijahm\OneDrive\Documents\Code\Virtual_Experience\hewlet_packard_all\springBoot_take2\.metals\.reports\metals-full\2026-09-04\r_empty-definition_(rest-service-test)_23-08-07-296.md")
2026.09.04 23:08:21 INFO  compiling rest-service-test (1 java source)
2026.09.04 23:08:22 WARN  javac exited with exit code 1
2026.09.04 23:08:22 INFO  time: compiled rest-service-test in 1.13s
Sept 04, 2026 11:08:23 PM org.eclipse.lsp4j.jsonrpc.RemoteEndpoint handleCancellation
WARNING: Unmatched cancel notification for request id 161
Sept 04, 2026 11:08:23 PM org.eclipse.lsp4j.jsonrpc.RemoteEndpoint handleCancellation
WARNING: Unmatched cancel notification for request id 163
Sept 04, 2026 11:08:30 PM org.eclipse.lsp4j.jsonrpc.RemoteEndpoint handleCancellation
WARNING: Unmatched cancel notification for request id 167
Sept 04, 2026 11:08:30 PM org.eclipse.lsp4j.jsonrpc.RemoteEndpoint handleCancellation
WARNING: Unmatched cancel notification for request id 173
Sept 04, 2026 11:08:30 PM org.eclipse.lsp4j.jsonrpc.RemoteEndpoint handleCancellation
WARNING: Unmatched cancel notification for request id 171
Sept 04, 2026 11:08:31 PM org.eclipse.lsp4j.jsonrpc.RemoteEndpoint handleCancellation
WARNING: Unmatched cancel notification for request id 175
Sept 04, 2026 11:08:33 PM org.eclipse.lsp4j.jsonrpc.RemoteEndpoint handleCancellation
WARNING: Unmatched cancel notification for request id 176
Sept 04, 2026 11:08:33 PM org.eclipse.lsp4j.jsonrpc.RemoteEndpoint handleCancellation
WARNING: Unmatched cancel notification for request id 178
Sept 04, 2026 11:08:33 PM org.eclipse.lsp4j.jsonrpc.RemoteEndpoint handleCancellation
WARNING: Unmatched cancel notification for request id 177
Sept 04, 2026 11:08:33 PM org.eclipse.lsp4j.jsonrpc.RemoteEndpoint handleCancellation
WARNING: Unmatched cancel notification for request id 172
Sept 04, 2026 11:08:35 PM org.eclipse.lsp4j.jsonrpc.RemoteEndpoint handleCancellation
WARNING: Unmatched cancel notification for request id 180
Sept 04, 2026 11:08:35 PM org.eclipse.lsp4j.jsonrpc.RemoteEndpoint handleCancellation
WARNING: Unmatched cancel notification for request id 181
Sept 04, 2026 11:10:57 PM org.eclipse.lsp4j.jsonrpc.RemoteEndpoint handleCancellation
WARNING: Unmatched cancel notification for request id 303
Sept 04, 2026 11:11:07 PM org.eclipse.lsp4j.jsonrpc.RemoteEndpoint handleCancellation
WARNING: Unmatched cancel notification for request id 409
Sept 04, 2026 11:11:07 PM org.eclipse.lsp4j.jsonrpc.RemoteEndpoint handleCancellation
WARNING: Unmatched cancel notification for request id 412
Sept 04, 2026 11:11:15 PM org.eclipse.lsp4j.jsonrpc.RemoteEndpoint handleCancellation
WARNING: Unmatched cancel notification for request id 466
Sept 04, 2026 11:11:21 PM org.eclipse.lsp4j.jsonrpc.RemoteEndpoint handleCancellation
WARNING: Unmatched cancel notification for request id 473
2026.09.04 23:13:53 INFO  compiling rest-service-test (1 java source)
2026.09.04 23:13:54 WARN  Unexpected javac output: WARNING: A terminally deprecated method in sun.misc.Unsafe has been called
WARNING: sun.misc.Unsafe::arrayBaseOffset has been called by com.sourcegraph.shaded.com.google.protobuf.UnsafeUtil$MemoryAccessor (file:/C:/Users/ijahm/AppData/Local/bloop/cache/semanticdb/com.sourcegraph.semanticdb-javac.0.12.3/semanticdb-javac-0.12.3.jar)
WARNING: Please consider reporting this to the maintainers of class com.sourcegraph.shaded.com.google.protobuf.UnsafeUtil$MemoryAccessor
WARNING: sun.misc.Unsafe::arrayBaseOffset will be removed in a future release.
2026.09.04 23:13:54 INFO  time: compiled rest-service-test in 1.3s
Sept 04, 2026 11:14:32 PM org.eclipse.lsp4j.jsonrpc.RemoteEndpoint handleCancellation
WARNING: Unmatched cancel notification for request id 1063
Sept 04, 2026 11:15:49 PM org.eclipse.lsp4j.jsonrpc.RemoteEndpoint handleCancellation
WARNING: Unmatched cancel notification for request id 1193
Sept 04, 2026 11:15:50 PM org.eclipse.lsp4j.jsonrpc.RemoteEndpoint handleCancellation
WARNING: Unmatched cancel notification for request id 1192
Sept 04, 2026 11:15:50 PM org.eclipse.lsp4j.jsonrpc.RemoteEndpoint handleCancellation
WARNING: Unmatched cancel notification for request id 1200
Sept 04, 2026 11:15:50 PM org.eclipse.lsp4j.jsonrpc.RemoteEndpoint handleCancellation
WARNING: Unmatched cancel notification for request id 1210
Sept 04, 2026 11:16:14 PM org.eclipse.lsp4j.jsonrpc.RemoteEndpoint handleCancellation
WARNING: Unmatched cancel notification for request id 1343
Sept 04, 2026 11:16:14 PM org.eclipse.lsp4j.jsonrpc.RemoteEndpoint handleCancellation
WARNING: Unmatched cancel notification for request id 1342
Sept 04, 2026 11:16:14 PM org.eclipse.lsp4j.jsonrpc.RemoteEndpoint handleCancellation
WARNING: Unmatched cancel notification for request id 1347
Sept 04, 2026 11:16:21 PM org.eclipse.lsp4j.jsonrpc.RemoteEndpoint handleCancellation
WARNING: Unmatched cancel notification for request id 1417
Sept 04, 2026 11:16:22 PM org.eclipse.lsp4j.jsonrpc.RemoteEndpoint handleCancellation
WARNING: Unmatched cancel notification for request id 1430
Sept 04, 2026 11:16:22 PM org.eclipse.lsp4j.jsonrpc.RemoteEndpoint handleCancellation
WARNING: Unmatched cancel notification for request id 1434
Sept 04, 2026 11:17:18 PM org.eclipse.lsp4j.jsonrpc.RemoteEndpoint handleCancellation
WARNING: Unmatched cancel notification for request id 1560
Sept 04, 2026 11:17:22 PM org.eclipse.lsp4j.jsonrpc.RemoteEndpoint handleCancellation
WARNING: Unmatched cancel notification for request id 1580
Sept 04, 2026 11:17:24 PM org.eclipse.lsp4j.jsonrpc.RemoteEndpoint handleCancellation
WARNING: Unmatched cancel notification for request id 1585
Sept 04, 2026 11:17:49 PM org.eclipse.lsp4j.jsonrpc.RemoteEndpoint handleCancellation
WARNING: Unmatched cancel notification for request id 1742
Sept 04, 2026 11:18:12 PM org.eclipse.lsp4j.jsonrpc.RemoteEndpoint handleCancellation
WARNING: Unmatched cancel notification for request id 1839
Sept 04, 2026 11:18:17 PM org.eclipse.lsp4j.jsonrpc.RemoteEndpoint handleCancellation
WARNING: Unmatched cancel notification for request id 1892
Sept 04, 2026 11:18:40 PM org.eclipse.lsp4j.jsonrpc.RemoteEndpoint handleCancellation
WARNING: Unmatched cancel notification for request id 2053
Sept 04, 2026 11:18:41 PM org.eclipse.lsp4j.jsonrpc.RemoteEndpoint handleCancellation
WARNING: Unmatched cancel notification for request id 2064
2026.09.04 23:18:53 INFO  Created report: Optional[file:///C:/Users/ijahm/OneDrive/Documents/Code/Virtual_Experience/hewlet_packard_all/springBoot_take2/rest-service/src/test/java/com/example/restservice/EmployeeManagerTest.java]
2026.09.04 23:18:53 INFO  empty definition using pc, found symbol in pc: _empty_/employees# (full report at: "C:\Users\ijahm\OneDrive\Documents\Code\Virtual_Experience\hewlet_packard_all\springBoot_take2\.metals\.reports\metals-full\2026-09-04\r_empty-definition_(rest-service-test)_23-18-53-780.md")
2026.09.04 23:18:54 INFO  empty definition using pc, found symbol in pc: _empty_/employees# (full report at: "C:\Users\ijahm\OneDrive\Documents\Code\Virtual_Experience\hewlet_packard_all\springBoot_take2\.metals\.reports\metals-full\2026-09-04\r_empty-definition_(rest-service-test)_23-18-53-780.md")
2026.09.04 23:19:03 INFO  Created report: Optional[file:///C:/Users/ijahm/OneDrive/Documents/Code/Virtual_Experience/hewlet_packard_all/springBoot_take2/rest-service/src/test/java/com/example/restservice/EmployeeManagerTest.java]
2026.09.04 23:19:03 INFO  empty definition using pc, found symbol in pc: _empty_/employees#getEmployeeList# (full report at: "C:\Users\ijahm\OneDrive\Documents\Code\Virtual_Experience\hewlet_packard_all\springBoot_take2\.metals\.reports\metals-full\2026-09-04\r_empty-definition_(rest-service-test)_23-19-03-404.md")
2026.09.04 23:19:41 INFO  compiling rest-service-test (1 java source)
2026.09.04 23:19:42 INFO  time: compiled rest-service-test in 1.02s
Sept 04, 2026 11:20:06 PM org.eclipse.lsp4j.jsonrpc.RemoteEndpoint handleCancellation
WARNING: Unmatched cancel notification for request id 2291
Sept 04, 2026 11:20:06 PM org.eclipse.lsp4j.jsonrpc.RemoteEndpoint handleCancellation
WARNING: Unmatched cancel notification for request id 2290
Sept 04, 2026 11:20:06 PM org.eclipse.lsp4j.jsonrpc.RemoteEndpoint handleCancellation
WARNING: Unmatched cancel notification for request id 2295
Sept 04, 2026 11:20:06 PM org.eclipse.lsp4j.jsonrpc.RemoteEndpoint handleCancellation
WARNING: Unmatched cancel notification for request id 2292
Sept 04, 2026 11:20:06 PM org.eclipse.lsp4j.jsonrpc.RemoteEndpoint handleCancellation
WARNING: Unmatched cancel notification for request id 2298
Sept 04, 2026 11:20:06 PM org.eclipse.lsp4j.jsonrpc.RemoteEndpoint handleCancellation
WARNING: Unmatched cancel notification for request id 2297
Sept 04, 2026 11:20:07 PM org.eclipse.lsp4j.jsonrpc.RemoteEndpoint handleCancellation
WARNING: Unmatched cancel notification for request id 2312
Sept 04, 2026 11:25:30 PM org.eclipse.lsp4j.jsonrpc.RemoteEndpoint handleCancellation
WARNING: Unmatched cancel notification for request id 2396
Sept 04, 2026 11:26:28 PM org.eclipse.lsp4j.jsonrpc.RemoteEndpoint handleCancellation
WARNING: Unmatched cancel notification for request id 2532
Sept 04, 2026 11:26:45 PM org.eclipse.lsp4j.jsonrpc.RemoteEndpoint handleCancellation
WARNING: Unmatched cancel notification for request id 2578
Sept 04, 2026 11:27:01 PM org.eclipse.lsp4j.jsonrpc.RemoteEndpoint handleCancellation
WARNING: Unmatched cancel notification for request id 2667
Sept 04, 2026 11:27:01 PM org.eclipse.lsp4j.jsonrpc.RemoteEndpoint handleCancellation
WARNING: Unmatched cancel notification for request id 2666
Sept 04, 2026 11:27:17 PM org.eclipse.lsp4j.jsonrpc.RemoteEndpoint handleCancellation
WARNING: Unmatched cancel notification for request id 2832
Sept 04, 2026 11:27:22 PM org.eclipse.lsp4j.jsonrpc.RemoteEndpoint handleCancellation
WARNING: Unmatched cancel notification for request id 2873
Sept 04, 2026 11:27:39 PM org.eclipse.lsp4j.jsonrpc.RemoteEndpoint handleCancellation
WARNING: Unmatched cancel notification for request id 2939
Sept 04, 2026 11:27:39 PM org.eclipse.lsp4j.jsonrpc.RemoteEndpoint handleCancellation
WARNING: Unmatched cancel notification for request id 2938
Sept 04, 2026 11:27:39 PM org.eclipse.lsp4j.jsonrpc.RemoteEndpoint handleCancellation
WARNING: Unmatched cancel notification for request id 2937
Sept 04, 2026 11:27:40 PM org.eclipse.lsp4j.jsonrpc.RemoteEndpoint handleCancellation
WARNING: Unmatched cancel notification for request id 2948
Sept 04, 2026 11:27:53 PM org.eclipse.lsp4j.jsonrpc.RemoteEndpoint handleCancellation
WARNING: Unmatched cancel notification for request id 3004
2026.09.04 23:29:23 INFO  Created report: Optional[file:///C:/Users/ijahm/OneDrive/Documents/Code/Virtual_Experience/hewlet_packard_all/springBoot_take2/rest-service/src/main/java/com/example/restservice/Employee.java]
2026.09.04 23:29:23 INFO  empty definition using pc, found symbol in pc:  (full report at: "C:\Users\ijahm\OneDrive\Documents\Code\Virtual_Experience\hewlet_packard_all\springBoot_take2\.metals\.reports\metals-full\2026-09-04\r_empty-definition_(rest-service)_23-29-23-631.md")
Sept 04, 2026 11:29:31 PM org.eclipse.lsp4j.jsonrpc.RemoteEndpoint handleCancellation
WARNING: Unmatched cancel notification for request id 3243
Sept 04, 2026 11:29:33 PM org.eclipse.lsp4j.jsonrpc.RemoteEndpoint handleCancellation
WARNING: Unmatched cancel notification for request id 3256
Sept 04, 2026 11:29:34 PM org.eclipse.lsp4j.jsonrpc.RemoteEndpoint handleCancellation
WARNING: Unmatched cancel notification for request id 3267
2026.09.04 23:29:42 INFO  compiling rest-service-test (2 java sources)
2026.09.04 23:29:43 WARN  javac exited with exit code 1
2026.09.04 23:29:43 INFO  time: compiled rest-service-test in 1.44s
2026.09.04 23:29:43 INFO  compiling rest-service-test (2 java sources)
2026.09.04 23:29:45 WARN  javac exited with exit code 1
2026.09.04 23:29:45 INFO  time: compiled rest-service-test in 1.52s
Sept 04, 2026 11:30:37 PM org.eclipse.lsp4j.jsonrpc.RemoteEndpoint handleCancellation
WARNING: Unmatched cancel notification for request id 3322
2026.09.04 23:30:39 INFO  compiling rest-service-test (2 java sources)
2026.09.04 23:30:40 WARN  javac exited with exit code 1
2026.09.04 23:30:40 INFO  time: compiled rest-service-test in 1.31s
Sept 04, 2026 11:30:42 PM org.eclipse.lsp4j.jsonrpc.RemoteEndpoint handleCancellation
WARNING: Unmatched cancel notification for request id 3343
Sept 04, 2026 11:30:52 PM org.eclipse.lsp4j.jsonrpc.RemoteEndpoint handleCancellation
WARNING: Unmatched cancel notification for request id 3355
2026.09.04 23:31:44 INFO  compiling rest-service-test (2 java sources)
2026.09.04 23:31:46 WARN  javac exited with exit code 1
2026.09.04 23:31:46 INFO  time: compiled rest-service-test in 1.49s
Sept 04, 2026 11:31:48 PM org.eclipse.lsp4j.jsonrpc.RemoteEndpoint handleCancellation
WARNING: Unmatched cancel notification for request id 3397
Sept 04, 2026 11:33:05 PM org.eclipse.lsp4j.jsonrpc.RemoteEndpoint handleCancellation
WARNING: Unmatched cancel notification for request id 3432
2026.09.04 23:36:06 INFO  compiling rest-service-test (2 java sources)
2026.09.04 23:36:08 WARN  javac exited with exit code 1
2026.09.04 23:36:08 INFO  time: compiled rest-service-test in 1.33s
Sept 04, 2026 11:38:58 PM org.eclipse.lsp4j.jsonrpc.RemoteEndpoint handleCancellation
WARNING: Unmatched cancel notification for request id 3520
2026.09.04 23:39:05 INFO  compiling rest-service-test (2 java sources)
2026.09.04 23:39:06 WARN  Unexpected javac output: WARNING: A terminally deprecated method in sun.misc.Unsafe has been called
WARNING: sun.misc.Unsafe::arrayBaseOffset has been called by com.sourcegraph.shaded.com.google.protobuf.UnsafeUtil$MemoryAccessor (file:/C:/Users/ijahm/AppData/Local/bloop/cache/semanticdb/com.sourcegraph.semanticdb-javac.0.12.3/semanticdb-javac-0.12.3.jar)
WARNING: Please consider reporting this to the maintainers of class com.sourcegraph.shaded.com.google.protobuf.UnsafeUtil$MemoryAccessor
WARNING: sun.misc.Unsafe::arrayBaseOffset will be removed in a future release.
2026.09.04 23:39:06 INFO  time: compiled rest-service-test in 1.46s
Sept 04, 2026 11:39:34 PM org.eclipse.lsp4j.jsonrpc.services.GenericEndpoint notify
INFO: Unsupported notification method: $/setTrace
